
> konnektr-docs@ build C:\Users\NRaes\dev\konnektr-io\docs
> react-router build

[MDX] generated files in 2.330600000000004ms
[MDX] generated files in 1.3700999999998658ms
[MDX] generated files in 1.3727999999998701ms
[36mvite v7.1.7 [32mbuilding for production...[36m[39m
[MDX] generated files in 2.044600000000173ms
transforming...
[32mÔ£ô[39m 1850 modules transformed.
ÔÇëELIFECYCLEÔÇë Command failed with exit code 1.
