app/components/cookie-consent.tsx (1:0): Error when using sourcemap for reporting an error: Can't resolve original location of error.
app/components/ui/sheet.tsx (1:0): Error when using sourcemap for reporting an error: Can't resolve original location of error.
Ô£ù Build failed in 3.30s
[vite]: Rollup failed to resolve import "fumadocs-mdx/runtime/vite" from "C:/Users/NRaes/dev/konnektr-io/docs/app/docs/page.tsx".
This is most likely unintended because it can break your application at runtime.
If you do want to externalize this module explicitly add it to
`build.rollupOptions.external`
    at viteLog (file:///C:/Users/NRaes/dev/konnektr-io/docs/node_modules/.pnpm/vite@7.1.7_@types+node@24.5.2_jiti@2.6.0_lightningcss@1.30.1/node_modules/vite/dist/node/chunks/dep-Bm2ujbhY.js:33954:57)
    at file:///C:/Users/NRaes/dev/konnektr-io/docs/node_modules/.pnpm/vite@7.1.7_@types+node@24.5.2_jiti@2.6.0_lightningcss@1.30.1/node_modules/vite/dist/node/chunks/dep-Bm2ujbhY.js:33990:73
    at onwarn (C:\Users\NRaes\dev\konnektr-io\docs\node_modules\.pnpm\@react-router+dev@7.9.3_@re_4d303d4473aa69c8365715d9b0b2a9f9\node_modules\@react-router\dev\dist\cli\index.js:1615:11)
    at file:///C:/Users/NRaes/dev/konnektr-io/docs/node_modules/.pnpm/vite@7.1.7_@types+node@24.5.2_jiti@2.6.0_lightningcss@1.30.1/node_modules/vite/dist/node/chunks/dep-Bm2ujbhY.js:33990:28
    at onRollupLog (file:///C:/Users/NRaes/dev/konnektr-io/docs/node_modules/.pnpm/vite@7.1.7_@types+node@24.5.2_jiti@2.6.0_lightningcss@1.30.1/node_modules/vite/dist/node/chunks/dep-Bm2ujbhY.js:33985:63)
    at onLog (file:///C:/Users/NRaes/dev/konnektr-io/docs/node_modules/.pnpm/vite@7.1.7_@types+node@24.5.2_jiti@2.6.0_lightningcss@1.30.1/node_modules/vite/dist/node/chunks/dep-Bm2ujbhY.js:33786:4)
    at file:///C:/Users/NRaes/dev/konnektr-io/docs/node_modules/.pnpm/rollup@4.52.2/node_modules/rollup/dist/es/shared/node-entry.js:20936:32
    at Object.logger [as onLog] (file:///C:/Users/NRaes/dev/konnektr-io/docs/node_modules/.pnpm/rollup@4.52.2/node_modules/rollup/dist/es/shared/node-entry.js:22822:9)
    at ModuleLoader.handleInvalidResolvedId (file:///C:/Users/NRaes/dev/konnektr-io/docs/node_modules/.pnpm/rollup@4.52.2/node_modules/rollup/dist/es/shared/node-entry.js:21566:26)
    at file:///C:/Users/NRaes/dev/konnektr-io/docs/node_modules/.pnpm/rollup@4.52.2/node_modules/rollup/dist/es/shared/node-entry.js:21524:26 {
  watchFiles: [
    'C:\\Users\\NRaes\\dev\\konnektr-io\\docs\\package.json',
    'C:/Users/NRaes/dev/konnektr-io/docs/app/root.tsx',
    'C:/Users/NRaes/dev/konnektr-io/docs/app/docs/page.tsx',
    'C:/Users/NRaes/dev/konnektr-io/docs/app/docs/search.ts',
    'C:/Users/NRaes/dev/konnektr-io/docs/node_modules/.pnpm/@react-router+dev@7.9.3_@re_4d303d4473aa69c8365715d9b0b2a9f9/node_modules/@react-router/dev/dist/config/defaults/entry.client.tsx',
    'C:/Users/NRaes/dev/konnektr-io/docs/node_modules/.pnpm/react@19.1.1/node_modules/react/jsx-runtime.js',
    'C:/Users/NRaes/dev/konnektr-io/docs/node_modules/.pnpm/react-dom@19.1.1_react@19.1.1/node_modules/react-dom/client.js',
    'C:/Users/NRaes/dev/konnektr-io/docs/node_modules/.pnpm/react@19.1.1/node_modules/react/index.js',
    'C:/Users/NRaes/dev/konnektr-io/docs/node_modules/.pnpm/react-router@7.9.3_react-do_dbaf7d8293a6d5489267e0873fcd68a2/node_modules/react-router/dist/development/dom-export.mjs',
    'C:/Users/NRaes/dev/konnektr-io/docs/node_modules/.pnpm/react@19.1.1/node_modules/react/cjs/react-jsx-runtime.production.js',
    'C:/Users/NRaes/dev/konnektr-io/docs/node_modules/.pnpm/react@19.1.1/node_modules/react/cjs/react.production.js',
    'C:/Users/NRaes/dev/konnektr-io/docs/node_modules/.pnpm/react-dom@19.1.1_react@19.1.1/node_modules/react-dom/index.js',
    'C:/Users/NRaes/dev/konnektr-io/docs/node_modules/.pnpm/react-router@7.9.3_react-do_dbaf7d8293a6d5489267e0873fcd68a2/node_modules/react-router/dist/development/chunk-65XJMMLO.mjs',
    'C:/Users/NRaes/dev/konnektr-io/docs/node_modules/.pnpm/react-dom@19.1.1_react@19.1.1/node_modules/react-dom/cjs/react-dom-client.production.js',
    'C:/Users/NRaes/dev/konnektr-io/docs/node_modules/.pnpm/react-router@7.9.3_react-do_dbaf7d8293a6d5489267e0873fcd68a2/node_modules/react-router/dist/development/chunk-NISHYRIK.mjs',
    'C:/Users/NRaes/dev/konnektr-io/docs/node_modules/.pnpm/scheduler@0.26.0/node_modules/scheduler/index.js',
    'C:/Users/NRaes/dev/konnektr-io/docs/node_modules/.pnpm/react-dom@19.1.1_react@19.1.1/node_modules/react-dom/cjs/react-dom.production.js',
    'C:/Users/NRaes/dev/konnektr-io/docs/mdx-components.tsx',
    'C:/Users/NRaes/dev/konnektr-io/docs/app/components/layout/DocsLayout.tsx',
    'C:/Users/NRaes/dev/konnektr-io/docs/node_modules/.pnpm/cookie@1.0.2/node_modules/cookie/dist/index.js',
    'C:/Users/NRaes/dev/konnektr-io/docs/node_modules/.pnpm/set-cookie-parser@2.7.1/node_modules/set-cookie-parser/lib/set-cookie.js',
    'C:/Users/NRaes/dev/konnektr-io/docs/source.generated.ts',
    'C:/Users/NRaes/dev/konnektr-io/docs/app/components/cookie-consent.tsx',
    'C:/Users/NRaes/dev/konnektr-io/docs/app/app.css',
    'C:\\Users\\NRaes\\dev\\konnektr-io\\docs\\node_modules\\.pnpm\\tailwindcss@4.1.13\\node_modules\\tailwindcss\\index.css',
    'C:\\Users\\NRaes\\dev\\konnektr-io\\docs\\node_modules\\.pnpm\\fumadocs-ui@16.2.3_@types+r_ba0c690a9bfdb5ec270ce18df8c482d9\\node_modules\\fumadocs-ui\\css\\shadcn.css',
    'C:\\Users\\NRaes\\dev\\konnektr-io\\docs\\node_modules\\.pnpm\\fumadocs-ui@16.2.3_@types+r_ba0c690a9bfdb5ec270ce18df8c482d9\\node_modules\\fumadocs-ui\\css\\preset.css',
    'C:\\Users\\NRaes\\dev\\konnektr-io\\docs\\node_modules\\.pnpm\\tw-animate-css@1.4.0\\node_modules\\tw-animate-css\\dist\\tw-animate.css',
    'C:/Users/NRaes/dev/konnektr-io/docs/node_modules/.pnpm/scheduler@0.26.0/node_modules/scheduler/cjs/scheduler.production.js',
    'C:\\Users\\NRaes\\dev\\konnektr-io\\docs\\node_modules\\.pnpm\\fumadocs-ui@16.2.3_@types+r_ba0c690a9bfdb5ec270ce18df8c482d9\\node_modules\\fumadocs-ui\\css\\shiki.css',
    'C:\\Users\\NRaes\\dev\\konnektr-io\\docs\\node_modules\\.pnpm\\fumadocs-ui@16.2.3_@types+r_ba0c690a9bfdb5ec270ce18df8c482d9\\node_modules\\fumadocs-ui\\css\\layouts\\docs.css',
    'C:\\Users\\NRaes\\dev\\konnektr-io\\docs\\node_modules\\.pnpm\\fumadocs-ui@16.2.3_@types+r_ba0c690a9bfdb5ec270ce18df8c482d9\\node_modules\\fumadocs-ui\\css\\layouts\\home.css',
    'C:\\Users\\NRaes\\dev\\konnektr-io\\docs\\node_modules\\.pnpm\\fumadocs-ui@16.2.3_@types+r_ba0c690a9bfdb5ec270ce18df8c482d9\\node_modules\\fumadocs-ui\\css\\layouts\\notebook.css',
    'C:\\Users\\NRaes\\dev\\konnektr-io\\docs\\node_modules\\.pnpm\\fumadocs-ui@16.2.3_@types+r_ba0c690a9bfdb5ec270ce18df8c482d9\\node_modules\\fumadocs-ui\\css\\colors\\index.css',
    'C:/Users/NRaes/dev/konnektr-io/docs/app/components/mdx/mermaid.tsx',
    'C:/Users/NRaes/dev/konnektr-io/docs/app/components/layout/Header.tsx',
    'C:/Users/NRaes/dev/konnektr-io/docs/app/lib/utils.ts',
    'C:/Users/NRaes/dev/konnektr-io/docs/app/components/ui/button.tsx',
    'C:/Users/NRaes/dev/konnektr-io/docs/content/docs/db-query-operator/advanced.mdx',
    'C:/Users/NRaes/dev/konnektr-io/docs/content/docs/db-query-operator/configuration.mdx',
    'C:/Users/NRaes/dev/konnektr-io/docs/content/docs/db-query-operator/core-concepts.mdx',
    'C:/Users/NRaes/dev/konnektr-io/docs/content/docs/db-query-operator/api-reference.mdx',
    'C:/Users/NRaes/dev/konnektr-io/docs/content/docs/db-query-operator/examples.mdx',
    'C:/Users/NRaes/dev/konnektr-io/docs/content/docs/db-query-operator/installation.mdx',
    'C:/Users/NRaes/dev/konnektr-io/docs/content/docs/db-query-operator/getting-started.mdx',
    'C:/Users/NRaes/dev/konnektr-io/docs/content/docs/graph/advanced-topics/performance.mdx',
    'C:/Users/NRaes/dev/konnektr-io/docs/content/docs/db-query-operator/troubleshooting.mdx',
    'C:/Users/NRaes/dev/konnektr-io/docs/content/docs/graph/advanced-topics/logs-diagnostics.mdx',
    'C:/Users/NRaes/dev/konnektr-io/docs/content/docs/db-query-operator/index.mdx',
    'C:/Users/NRaes/dev/konnektr-io/docs/content/docs/graph/advanced-topics/security.mdx',
    'C:/Users/NRaes/dev/konnektr-io/docs/content/docs/graph/concepts/components.mdx',
    'C:/Users/NRaes/dev/konnektr-io/docs/content/docs/graph/concepts/telemetry.mdx',
    'C:/Users/NRaes/dev/konnektr-io/docs/content/docs/graph/concepts/event-routing.mdx',
    'C:/Users/NRaes/dev/konnektr-io/docs/content/docs/graph/concepts/validation.mdx',
    'C:/Users/NRaes/dev/konnektr-io/docs/content/docs/graph/concepts/dtdl.mdx',
    'C:/Users/NRaes/dev/konnektr-io/docs/content/docs/graph/concepts/querying.mdx',
    'C:/Users/NRaes/dev/konnektr-io/docs/content/docs/graph/deployment-installation/hosted-konnektr.mdx',
    'C:/Users/NRaes/dev/konnektr-io/docs/content/docs/graph/deployment-installation/performance.mdx',
    'C:/Users/NRaes/dev/konnektr-io/docs/content/docs/graph/deployment-installation/self-host.mdx',
    'C:/Users/NRaes/dev/konnektr-io/docs/content/docs/graph/getting-started/first-steps.mdx',
    'C:/Users/NRaes/dev/konnektr-io/docs/content/docs/graph/getting-started/quickstart.mdx',
    'C:/Users/NRaes/dev/konnektr-io/docs/content/docs/graph/getting-started/setup.mdx',
    'C:/Users/NRaes/dev/konnektr-io/docs/content/docs/graph/how-to-guides/integration-guide.mdx',
    'C:/Users/NRaes/dev/konnektr-io/docs/content/docs/graph/how-to-guides/migration-guide.mdx',
    'C:/Users/NRaes/dev/konnektr-io/docs/content/docs/graph/how-to-guides/troubleshooting.mdx',
    'C:/Users/NRaes/dev/konnektr-io/docs/content/docs/graph/how-to-guides/using-azure-digital-twins-sdks.mdx',
    'C:/Users/NRaes/dev/konnektr-io/docs/content/docs/graph/how-to-guides/working-with-components.mdx',
    'C:/Users/NRaes/dev/konnektr-io/docs/content/docs/graph/reference/api.mdx',
    'C:/Users/NRaes/dev/konnektr-io/docs/content/docs/graph/how-to-guides/working-with-telemetry.mdx',
    'C:/Users/NRaes/dev/konnektr-io/docs/content/docs/graph/index.mdx',
    'C:/Users/NRaes/dev/konnektr-io/docs/content/docs/graph/reference/configuration.mdx',
    'C:/Users/NRaes/dev/konnektr-io/docs/content/docs/graph/reference/sdk.mdx',
    'C:/Users/NRaes/dev/konnektr-io/docs/content/docs/index.mdx',
    'C:/Users/NRaes/dev/konnektr-io/docs/content/docs/jexl/index.mdx',
    'C:/Users/NRaes/dev/konnektr-io/docs/content/docs/jexl/language/context.mdx',
    'C:/Users/NRaes/dev/konnektr-io/docs/content/docs/jexl/language/data-types.mdx',
    'C:/Users/NRaes/dev/konnektr-io/docs/content/docs/jexl/language/expressions.mdx',
    'C:/Users/NRaes/dev/konnektr-io/docs/content/docs/jexl/language/index.mdx',
    'C:/Users/NRaes/dev/konnektr-io/docs/content/docs/jexl/playground.mdx',
    'C:/Users/NRaes/dev/konnektr-io/docs/content/docs/jexl/reference/array/any.mdx',
    'C:/Users/NRaes/dev/konnektr-io/docs/content/docs/jexl/language/operators.mdx',
    'C:/Users/NRaes/dev/konnektr-io/docs/content/docs/jexl/reference/array/append.mdx',
    'C:/Users/NRaes/dev/konnektr-io/docs/content/docs/jexl/reference/array/all.mdx',
    'C:/Users/NRaes/dev/konnektr-io/docs/content/docs/jexl/reference/array/distinct.mdx',
    'C:/Users/NRaes/dev/konnektr-io/docs/content/docs/jexl/reference/array/filter.mdx',
    'C:/Users/NRaes/dev/konnektr-io/docs/content/docs/jexl/reference/array/find.mdx',
    'C:/Users/NRaes/dev/konnektr-io/docs/content/docs/jexl/reference/array/findIndex.mdx',
    'C:/Users/NRaes/dev/konnektr-io/docs/content/docs/jexl/reference/array/join.mdx',
    'C:/Users/NRaes/dev/konnektr-io/docs/content/docs/jexl/reference/array/index.mdx',
    'C:/Users/NRaes/dev/konnektr-io/docs/content/docs/jexl/reference/array/keys.mdx',
    'C:/Users/NRaes/dev/konnektr-io/docs/content/docs/jexl/reference/array/map.mdx',
    'C:/Users/NRaes/dev/konnektr-io/docs/content/docs/jexl/reference/array/mapField.mdx',
    'C:/Users/NRaes/dev/konnektr-io/docs/content/docs/jexl/reference/array/range.mdx',
    'C:/Users/NRaes/dev/konnektr-io/docs/content/docs/jexl/reference/array/reduce.mdx',
    'C:/Users/NRaes/dev/konnektr-io/docs/content/docs/jexl/reference/array/reverse.mdx',
    'C:/Users/NRaes/dev/konnektr-io/docs/content/docs/jexl/reference/array/shuffle.mdx',
    'C:/Users/NRaes/dev/konnektr-io/docs/content/docs/jexl/reference/array/sort.mdx',
    'C:/Users/NRaes/dev/konnektr-io/docs/content/docs/jexl/reference/array/toObject.mdx',
    'C:/Users/NRaes/dev/konnektr-io/docs/content/docs/jexl/reference/conversion/boolean.mdx',
    'C:/Users/NRaes/dev/konnektr-io/docs/content/docs/jexl/reference/conversion/formatBase.mdx',
    ... 2327 more items
  ]
}
